// Jest Snapshot v1, https://goo.gl/fbAQLP

exports[`CounterState test 1`] = `
Object {
  "asFragment": [Function],
  "baseElement": <body>
    <div>
      <h1>
        state
      </h1>
      <p>
        state num: 
        1
      </p>
      <p>
        context num: 
      </p>
      <div
        class="css-s1flh5"
      >
        <button
          class="css-1bk3ng6"
        >
          +1
        </button>
        <button
          class="css-1bk3ng6"
        >
          -1
        </button>
      </div>
    </div>
  </body>,
  "container": <div>
    <h1>
      state
    </h1>
    <p>
      state num: 
      1
    </p>
    <p>
      context num: 
    </p>
    <div
      class="css-s1flh5"
    >
      <button
        class="css-1bk3ng6"
      >
        +1
      </button>
      <button
        class="css-1bk3ng6"
      >
        -1
      </button>
    </div>
  </div>,
  "debug": [Function],
  "findAllByAltText": [Function],
  "findAllByDisplayValue": [Function],
  "findAllByLabelText": [Function],
  "findAllByPlaceholderText": [Function],
  "findAllByRole": [Function],
  "findAllByTestId": [Function],
  "findAllByText": [Function],
  "findAllByTitle": [Function],
  "findByAltText": [Function],
  "findByDisplayValue": [Function],
  "findByLabelText": [Function],
  "findByPlaceholderText": [Function],
  "findByRole": [Function],
  "findByTestId": [Function],
  "findByText": [Function],
  "findByTitle": [Function],
  "getAllByAltText": [Function],
  "getAllByDisplayValue": [Function],
  "getAllByLabelText": [Function],
  "getAllByPlaceholderText": [Function],
  "getAllByRole": [Function],
  "getAllByTestId": [Function],
  "getAllByText": [Function],
  "getAllByTitle": [Function],
  "getByAltText": [Function],
  "getByDisplayValue": [Function],
  "getByLabelText": [Function],
  "getByPlaceholderText": [Function],
  "getByRole": [Function],
  "getByTestId": [Function],
  "getByText": [Function],
  "getByTitle": [Function],
  "queryAllByAltText": [Function],
  "queryAllByDisplayValue": [Function],
  "queryAllByLabelText": [Function],
  "queryAllByPlaceholderText": [Function],
  "queryAllByRole": [Function],
  "queryAllByTestId": [Function],
  "queryAllByText": [Function],
  "queryAllByTitle": [Function],
  "queryByAltText": [Function],
  "queryByDisplayValue": [Function],
  "queryByLabelText": [Function],
  "queryByPlaceholderText": [Function],
  "queryByRole": [Function],
  "queryByTestId": [Function],
  "queryByText": [Function],
  "queryByTitle": [Function],
  "rerender": [Function],
  "unmount": [Function],
}
`;
